---
source: tests/check.rs
expression: "compile_err(\"TEXT = x:WORD AS JOIN(x, ',', ';')\")"
---
txtql::check::arity

  × `JOIN` takes 2 argument(s), got 3
   ╭─[query:1:18]
 1 │ TEXT = x:WORD AS JOIN(x, ',', ';')
   ·                  ────────┬────────
   ·                          ╰── wrong number of arguments
   ╰────
