---
source: tests/check.rs
assertion_line: 86
expression: "compile_err(\"rhyme = noun:WORD 'are' c:WORD\\nTEXT = r:rhyme AS r.nown\")"
---
txtql::check::unknown_field

  × `r` has no field `nown`
   ╭─[query:2:21]
 1 │ rhyme = noun:WORD 'are' c:WORD
 2 │ TEXT = r:rhyme AS r.nown
   ·                     ──┬─
   ·                       ╰── unknown field
   ╰────
  help: did you mean `noun`?
